[indown.io/index.html]
[backblue.gif]
[fade.gif]
[index.html]
[pagead2.googlesyndication.com/pagead/js/fcf42.txt]
[indown.io/new/icon/apple-icon-57x57.png]
[indown.io/new/icon/apple-icon-60x60.png]
[indown.io/new/icon/apple-icon-72x72.png]
[indown.io/new/icon/apple-icon-76x76.png]
[indown.io/new/icon/apple-icon-114x114.png]
[indown.io/new/icon/apple-icon-120x120.png]
[indown.io/new/icon/apple-icon-144x144.png]
[indown.io/new/icon/apple-icon-152x152.png]
[indown.io/new/icon/apple-icon-180x180.png]
[indown.io/new/icon/android-icon-192x192.png]
[indown.io/new/icon/favicon-32x32.png]
[indown.io/new/icon/favicon-96x96.png]
[indown.io/new/icon/favicon-16x16.png]
[indown.io/new/icon/manifest.json]
[indown.io/new/css/bootstrap.css]
[indown.io/new/css/customec91.css]
[indown.io/cdn-cgi/scripts/7d0fa10a/cloudflare-static/rocket-loader.min.js]
[indown.io/new/css/magnific-popup.min.css]
[indown.io/ar.html]
[indown.io/bn.html]
[indown.io/zh.html]
[indown.io/fr.html]
[indown.io/de.html]
[indown.io/hi.html]
[indown.io/hu.html]
[indown.io/id.html]
[indown.io/it.html]
[indown.io/ja.html]
[indown.io/ko.html]
[indown.io/pl.html]
[indown.io/pt.html]
[indown.io/ru.html]
[indown.io/es.html]
[indown.io/sw.html]
[indown.io/te.html]
[indown.io/th.html]
[indown.io/tr.html]
[indown.io/uk.html]
[indown.io/new/img/logo.png]
[indown.io/tiktok-downloader.html]
[indown.io/pinterest-video-download.html]
[indown.io/private-downloader.html]
[indown.io/advertise-with-us.html]
[indown.io/reels.html]
[indown.io/photo.html]
[indown.io/insta-dp-viewer.html]
[indown.io/insta-stories-download.html]
[indown.io/instagram-highlights-download.html]
[indown.io/new/img/Way-to-download-Instagram-Video.jpg]
[indown.io/new/img/Instagram-Video-Download-Copy-Link-Guide.jpg]
[indown.io/private-reels-download.html]
[indown.io/about-us.html]
[indown.io/contact-us.html]
[indown.io/privacy-policy.html]
[indown.io/new/js/jquery.min.js]
[indown.io/new/js/bootstrap.min.js]
[indown.io/new/js/jquery.magnific-popup.min.js]
[indown.io/new/js/custom7e5c.js]
[indown.io/index.html]
[indown.io/new/css/bootstrap.css]
[indown.io/new/css/customec91.css]
[indown.io/new/css/magnific-popup.min.css]
[indown.io/ar.html]
[indown.io/cdn-cgi/challenge-platform/h/g/scripts/alpha/invisible5615.js]
[indown.io/bn.html]
[indown.io/zh.html]
[indown.io/cdn-cgi/challenge-platform/h/g/scripts/cb/invisible8f55.js]
[indown.io/fr.html]
[indown.io/de.html]
[indown.io/hi.html]
[indown.io/hu.html]
[indown.io/id.html]
[indown.io/it.html]
[indown.io/ja.html]
[indown.io/ko.html]
[indown.io/pl.html]
[indown.io/pt.html]
[indown.io/cdn-cgi/challenge-platform/h/g/scripts/cb/invisible3941.js]
[indown.io/ru.html]
[indown.io/es.html]
[indown.io/sw.html]
[indown.io/te.html]
[indown.io/cdn-cgi/challenge-platform/h/g/scripts/cb/invisiblea792.js]
[indown.io/th.html]
[indown.io/tr.html]
[indown.io/uk.html]
[indown.io/cdn-cgi/challenge-platform/h/g/scripts/cb/invisiblef875.js]
[indown.io/new/icon/ms-icon-144x144.png]
[indown.io/tiktok-downloader.html]
[indown.io/pinterest-video-download.html]
[indown.io/private-downloader/ar.html]
[indown.io/private-downloader/bn.html]
[indown.io/private-downloader/zh.html]
[indown.io/private-downloader/fr.html]
[indown.io/private-downloader/de.html]
[indown.io/private-downloader/hi.html]
[indown.io/private-downloader/hu.html]
[indown.io/private-downloader/id.html]
[indown.io/private-downloader/it.html]
[indown.io/private-downloader/ja.html]
[indown.io/private-downloader/ko.html]
[indown.io/private-downloader/pl.html]
[indown.io/private-downloader/pt.html]
[indown.io/private-downloader/ru.html]
[indown.io/private-downloader/es.html]
[indown.io/private-downloader/sw.html]
[indown.io/private-downloader/te.html]
[indown.io/private-downloader/th.html]
[indown.io/private-downloader/tr.html]
[indown.io/private-downloader.html]
[indown.io/private-downloader/uk.html]
[indown.io/new/img/banners.jpg]
[indown.io/new/img/video-banners.jpg]
[indown.io/advertise-with-us.html]
[indown.io/reels/ar.html]
[indown.io/reels/bn.html]
[indown.io/reels/zh.html]
[indown.io/reels/fr.html]
[indown.io/reels/de.html]
[indown.io/reels/hi.html]
[indown.io/reels/hu.html]
[indown.io/reels/id.html]
[indown.io/reels/it.html]
[indown.io/reels/ja.html]
[indown.io/reels/ko.html]
[indown.io/reels/pl.html]
[indown.io/reels/pt.html]
[indown.io/reels/ru.html]
[indown.io/reels/es.html]
[indown.io/reels/sw.html]
[indown.io/reels/te.html]
[indown.io/reels/th.html]
[indown.io/reels/tr.html]
[indown.io/reels/uk.html]
[indown.io/new/img/Instagram-Reels-Download-by-InDown.jpg]
[indown.io/icon/reels-icon.png]
[indown.io/icon/reels-download.png]
[indown.io/icon/camera-icon.png]
[indown.io/new/img/Copy-Link-Instagram-Reels-Video-Download.jpg]
[indown.io/reels.html]
[indown.io/photo/ar.html]
[indown.io/photo/bn.html]
[indown.io/photo/zh.html]
[indown.io/photo/fr.html]
[indown.io/photo/de.html]
[indown.io/photo/hi.html]
[indown.io/photo/hu.html]
[indown.io/photo/id.html]
[indown.io/photo/it.html]
[indown.io/photo/ja.html]
[indown.io/photo/ko.html]
[indown.io/photo/pl.html]
[indown.io/photo/pt.html]
[indown.io/photo/ru.html]
[indown.io/photo/es.html]
[indown.io/photo/sw.html]
[indown.io/photo/te.html]
[indown.io/photo/th.html]
[indown.io/photo/tr.html]
[indown.io/photo/uk.html]
[indown.io/new/img/copy-link-for-instagram-photo-download.jpg]
[indown.io/new/img/way-to-download-instagram-photos.jpg]
[indown.io/photo.html]
[indown.io/cdn-cgi/challenge-platform/h/g/scripts/cb/invisible59a1.js]
[indown.io/insta-dp-viewer/ar.html]
[indown.io/insta-dp-viewer/bn.html]
[indown.io/insta-dp-viewer/zh.html]
[indown.io/insta-dp-viewer/fr.html]
[indown.io/insta-dp-viewer/de.html]
[indown.io/insta-dp-viewer/hi.html]
[indown.io/insta-dp-viewer/hu.html]
[indown.io/insta-dp-viewer/id.html]
[indown.io/insta-dp-viewer/it.html]
[indown.io/insta-dp-viewer/ja.html]
[indown.io/insta-dp-viewer/ko.html]
[indown.io/insta-dp-viewer/pl.html]
[indown.io/insta-dp-viewer/pt.html]
[indown.io/insta-dp-viewer/ru.html]
[indown.io/insta-dp-viewer/es.html]
[indown.io/insta-dp-viewer/sw.html]
[indown.io/insta-dp-viewer/te.html]
[indown.io/insta-dp-viewer/th.html]
[indown.io/insta-dp-viewer/tr.html]
[indown.io/insta-dp-viewer/uk.html]
[indown.io/new/img/Copy-Link-for-Instagram-DP-Download.jpg]
[indown.io/insta-dp-viewer.html]
[indown.io/insta-stories-download/ar.html]
[indown.io/insta-stories-download/bn.html]
[indown.io/insta-stories-download/zh.html]
[indown.io/insta-stories-download/fr.html]
[indown.io/insta-stories-download/de.html]
[indown.io/insta-stories-download/hi.html]
[indown.io/insta-stories-download/hu.html]
[indown.io/insta-stories-download/id.html]
[indown.io/insta-stories-download/it.html]
[indown.io/insta-stories-download/ja.html]
[indown.io/insta-stories-download/ko.html]
[indown.io/insta-stories-download/pl.html]
[indown.io/insta-stories-download/pt.html]
[indown.io/insta-stories-download/ru.html]
[indown.io/insta-stories-download/es.html]
[indown.io/insta-stories-download/sw.html]
[indown.io/insta-stories-download/te.html]
[indown.io/insta-stories-download/th.html]
[indown.io/insta-stories-download/tr.html]
[indown.io/insta-stories-download/uk.html]
[indown.io/new/img/Copy-Link-for-Instagram-Stories-Download77ae.jpg]
[indown.io/insta-stories-download.html]
[indown.io/instagram-highlights-download/ar.html]
[indown.io/instagram-highlights-download/bn.html]
[indown.io/instagram-highlights-download/zh.html]
[indown.io/instagram-highlights-download/fr.html]
[indown.io/instagram-highlights-download/de.html]
[indown.io/instagram-highlights-download/hi.html]
[indown.io/instagram-highlights-download/hu.html]
[indown.io/instagram-highlights-download/id.html]
[indown.io/instagram-highlights-download/it.html]
[indown.io/instagram-highlights-download/ja.html]
[indown.io/instagram-highlights-download/ko.html]
[indown.io/instagram-highlights-download/pl.html]
[indown.io/instagram-highlights-download/pt.html]
[indown.io/instagram-highlights-download/ru.html]
[indown.io/instagram-highlights-download/es.html]
[indown.io/instagram-highlights-download/sw.html]
[indown.io/instagram-highlights-download/te.html]
[indown.io/instagram-highlights-download/th.html]
[indown.io/instagram-highlights-download/tr.html]
[indown.io/instagram-highlights-download/uk.html]
[indown.io/new/img/Way-to-Download-Instagram-Highlights.jpg]
[indown.io/instagram-highlights-download.html]
[indown.io/private-reels-download/ar.html]
[indown.io/private-reels-download/bn.html]
[indown.io/private-reels-download/zh.html]
[indown.io/private-reels-download/fr.html]
[indown.io/private-reels-download/de.html]
[indown.io/private-reels-download/hi.html]
[indown.io/private-reels-download/hu.html]
[indown.io/private-reels-download/id.html]
[indown.io/private-reels-download/it.html]
[indown.io/private-reels-download/ja.html]
[indown.io/private-reels-download/ko.html]
[indown.io/private-reels-download/pl.html]
[indown.io/private-reels-download/pt.html]
[indown.io/private-reels-download/ru.html]
[indown.io/private-reels-download/es.html]
[indown.io/private-reels-download/sw.html]
[indown.io/private-reels-download/te.html]
[indown.io/private-reels-download/th.html]
[indown.io/private-reels-download/tr.html]
[indown.io/private-reels-download.html]
[indown.io/about-us.html]
[indown.io/private-reels-download/uk.html]
[www.google.com/recaptcha/api.js]
[indown.io/contact-us.html]
[indown.io/privacy-policy.html]
[indown.io/private-downloader/ar.html]
[indown.io/private-downloader/bn.html]
[indown.io/private-downloader/zh.html]
[indown.io/private-downloader/fr.html]
[indown.io/private-downloader/de.html]
[indown.io/private-downloader/hi.html]
[indown.io/private-downloader/hu.html]
[indown.io/private-downloader/id.html]
[indown.io/private-downloader/it.html]
[indown.io/private-downloader/ja.html]
[indown.io/private-downloader/ko.html]
[indown.io/private-downloader/pl.html]
[indown.io/private-downloader/pt.html]
[indown.io/private-downloader/ru.html]
[indown.io/private-downloader/es.html]
[indown.io/private-downloader/sw.html]
[indown.io/private-downloader/te.html]
[indown.io/private-downloader/th.html]
[indown.io/private-downloader/tr.html]
[indown.io/private-downloader/uk.html]
[indown.io/reels/ar.html]
[indown.io/reels/bn.html]
[indown.io/reels/zh.html]
[indown.io/reels/fr.html]
[indown.io/reels/de.html]
[indown.io/reels/hi.html]
[indown.io/cdn-cgi/challenge-platform/h/g/scripts/cb/invisible427e.js]
[indown.io/reels/hu.html]
[indown.io/reels/id.html]
[indown.io/reels/it.html]
[indown.io/reels/ja.html]
[indown.io/reels/ko.html]
[indown.io/reels/pl.html]
[indown.io/reels/pt.html]
[indown.io/reels/ru.html]
[indown.io/reels/es.html]
[indown.io/reels/sw.html]
[indown.io/reels/te.html]
[indown.io/reels/th.html]
[indown.io/reels/tr.html]
[indown.io/reels/uk.html]
[indown.io/photo/ar.html]
[indown.io/cdn-cgi/challenge-platform/h/g/scripts/cb/invisibleda3a.js]
[indown.io/photo/bn.html]
[indown.io/photo/zh.html]
[indown.io/photo/fr.html]
[indown.io/photo/de.html]
[indown.io/photo/hi.html]
[indown.io/photo/hu.html]
[indown.io/photo/id.html]
[indown.io/photo/it.html]
[indown.io/photo/ja.html]
[indown.io/photo/ko.html]
[indown.io/photo/pl.html]
[indown.io/photo/pt.html]
[indown.io/photo/ru.html]
[indown.io/photo/es.html]
[indown.io/photo/sw.html]
[indown.io/photo/te.html]
[indown.io/photo/th.html]
[indown.io/photo/tr.html]
[indown.io/photo/uk.html]
[indown.io/insta-dp-viewer/ar.html]
[indown.io/insta-dp-viewer/bn.html]
[indown.io/insta-dp-viewer/zh.html]
[indown.io/insta-dp-viewer/fr.html]
[indown.io/insta-dp-viewer/de.html]
[indown.io/insta-dp-viewer/hi.html]
[indown.io/insta-dp-viewer/hu.html]
[indown.io/insta-dp-viewer/id.html]
[indown.io/insta-dp-viewer/it.html]
[indown.io/insta-dp-viewer/ja.html]
[indown.io/cdn-cgi/challenge-platform/h/g/scripts/cb/invisible444d.js]
[indown.io/insta-dp-viewer/ko.html]
[indown.io/insta-dp-viewer/pl.html]
[indown.io/insta-dp-viewer/pt.html]
[indown.io/insta-dp-viewer/ru.html]
[indown.io/insta-dp-viewer/es.html]
[indown.io/insta-dp-viewer/sw.html]
[indown.io/insta-dp-viewer/te.html]
[indown.io/insta-dp-viewer/th.html]
[indown.io/insta-dp-viewer/tr.html]
[indown.io/insta-dp-viewer/uk.html]
[indown.io/insta-stories-download/ar.html]
[indown.io/insta-stories-download/bn.html]
[indown.io/insta-stories-download/zh.html]
[indown.io/insta-stories-download/fr.html]
[indown.io/insta-stories-download/de.html]
[indown.io/insta-stories-download/hi.html]
[indown.io/insta-stories-download/hu.html]
[indown.io/insta-stories-download/id.html]
[indown.io/cdn-cgi/challenge-platform/h/g/scripts/cb/invisiblee34b.js]
[indown.io/insta-stories-download/it.html]
[indown.io/insta-stories-download/ja.html]
[indown.io/cdn-cgi/challenge-platform/h/g/scripts/cb/invisible8b69.js]
[indown.io/insta-stories-download/ko.html]
[indown.io/insta-stories-download/pl.html]
[indown.io/insta-stories-download/pt.html]
[indown.io/insta-stories-download/ru.html]
[indown.io/insta-stories-download/es.html]
[indown.io/cdn-cgi/challenge-platform/h/g/scripts/cb/invisibleae63.js]
[indown.io/insta-stories-download/sw.html]
[indown.io/insta-stories-download/te.html]
[indown.io/insta-stories-download/th.html]
[indown.io/insta-stories-download/tr.html]
[indown.io/insta-stories-download/uk.html]
[indown.io/cdn-cgi/challenge-platform/h/g/scripts/cb/invisiblefa93.js]
[indown.io/instagram-highlights-download/ar.html]
[indown.io/instagram-highlights-download/bn.html]
[indown.io/cdn-cgi/challenge-platform/h/g/scripts/cb/invisible0c17.js]
[indown.io/instagram-highlights-download/zh.html]
[indown.io/instagram-highlights-download/fr.html]
[indown.io/instagram-highlights-download/de.html]
[indown.io/instagram-highlights-download/hi.html]
[indown.io/instagram-highlights-download/hu.html]
[indown.io/instagram-highlights-download/id.html]
[indown.io/instagram-highlights-download/it.html]
[indown.io/instagram-highlights-download/ja.html]
[indown.io/instagram-highlights-download/ko.html]
[indown.io/instagram-highlights-download/pl.html]
[indown.io/instagram-highlights-download/pt.html]
[indown.io/instagram-highlights-download/ru.html]
[indown.io/cdn-cgi/challenge-platform/h/g/scripts/cb/invisiblee800.js]
[indown.io/instagram-highlights-download/es.html]
[indown.io/instagram-highlights-download/sw.html]
[indown.io/instagram-highlights-download/te.html]
[indown.io/instagram-highlights-download/th.html]
[indown.io/instagram-highlights-download/tr.html]
[indown.io/instagram-highlights-download/uk.html]
[indown.io/private-reels-download/ar.html]
[indown.io/private-reels-download/bn.html]
[indown.io/private-reels-download/zh.html]
[indown.io/private-reels-download/fr.html]
[indown.io/private-reels-download/de.html]
[indown.io/private-reels-download/hi.html]
[indown.io/private-reels-download/hu.html]
[indown.io/private-reels-download/id.html]
[indown.io/private-reels-download/it.html]
[indown.io/private-reels-download/ja.html]
[indown.io/private-reels-download/ko.html]
[indown.io/private-reels-download/pl.html]
[indown.io/private-reels-download/pt.html]
[indown.io/private-reels-download/ru.html]
[indown.io/private-reels-download/es.html]
[indown.io/private-reels-download/sw.html]
[indown.io/private-reels-download/te.html]
[indown.io/private-reels-download/th.html]
[indown.io/private-reels-download/tr.html]
[indown.io/private-reels-download/uk.html]
[indown.io/cdn-cgi/challenge-platform/h/g/scripts/cb/invisible4397.js]
